00:00.472  blend            | Read blend: "/Users/g/code/scratch/tech9/games/chronoforge-dusk/_prep/assets/diagnostic.grip-probe/sources/r2/master.blend"
Info: Saved as "export.blend"
INFO Draco mesh compression is available, use library at /Applications/Blender.app/Contents/Resources/5.1/scripts/addons_core/io_scene_gltf2/libextern_draco.dylib
00:20:34 | INFO: Starting glTF 2.0 export
00:20:34 | INFO: Extracting primitive: Cube
00:20:34 | INFO: Primitives created: 1
00:20:34 | INFO: Extracting primitive: Cube.001
00:20:34 | INFO: Primitives created: 1
00:20:34 | INFO: Extracting primitive: Cube.002
00:20:34 | INFO: Primitives created: 1
00:20:34 | INFO: Finished glTF 2.0 export in 0.016903162002563477 s

Blender 5.1.1 (hash b70da489d7f4 built 2026-04-14 01:46:23)

Blender quit
00:20:35 | INFO: Data are loaded, start creating Blender stuff
00:20:35 | INFO: Blender create Mesh node Cube
00:20:35 | INFO: Blender create Mesh node Cube.001
00:20:35 | INFO: Blender create Mesh node Cube.002
00:20:35 | INFO: glTF import finished in 0.01s
Blender 5.1.1 (hash b70da489d7f4 built 2026-04-14 01:46:23)

Blender quit
