+ /opt/homebrew/bin/godot --headless --editor --path /Users/g/code/scratch/tech9/games/chronoforge-dusk/game --import --quit
Godot Engine v4.6.3.stable.official.7d41c59c4 - https://godotengine.org

[   0% ] [90m[1mfirst_scan_filesystem[22m | Started Project initialization (5 steps)[39m[0m
[   0% ] [90m[1mfirst_scan_filesystem[22m | Scanning file structure...[39m[0m
[  16% ] [90m[1mfirst_scan_filesystem[22m | Loading global class names...[39m[0m
[  33% ] [90m[1mfirst_scan_filesystem[22m | Verifying GDExtensions...[39m[0m
[  50% ] [90m[1mfirst_scan_filesystem[22m | Creating autoload scripts...[39m[0m
[  66% ] [90m[1mfirst_scan_filesystem[22m | Initializing plugins...[39m[0m
[  83% ] [90m[1mfirst_scan_filesystem[22m | Starting file scan...[39m[0m
[92m[ DONE ][39m [1mfirst_scan_filesystem[22m
[0m
[   0% ] [90m[1mloading_editor_layout[22m | Started Loading editor (5 steps)[39m[0m
[   0% ] [90m[1mloading_editor_layout[22m | Loading editor layout...[39m[0m
[  16% ] [90m[1mloading_editor_layout[22m | Loading docks...[39m[0m
[  33% ] [90m[1mloading_editor_layout[22m | Reopening scenes...[39m[0m
[  50% ] [90m[1mloading_editor_layout[22m | Loading central editor layout...[39m[0m
[  66% ] [90m[1mloading_editor_layout[22m | Loading plugin window layout...[39m[0m
[  83% ] [90m[1mloading_editor_layout[22m | Editor layout ready.[39m[0m
[92m[ DONE ][39m [1mloading_editor_layout[22m
[0m
Godot 4.6.3 macOS template verified; retained outside res://
+ /opt/homebrew/bin/godot --headless --path /Users/g/code/scratch/tech9/games/chronoforge-dusk/game --export-release macOS /Users/g/code/scratch/tech9/games/chronoforge-dusk/dist/Chronoforge Dusk.app
Godot Engine v4.6.3.stable.official.7d41c59c4 - https://godotengine.org

[   0% ] [90m[1mfirst_scan_filesystem[22m | Started Project initialization (5 steps)[39m[0m
[   0% ] [90m[1mfirst_scan_filesystem[22m | Scanning file structure...[39m[0m
[  16% ] [90m[1mfirst_scan_filesystem[22m | Loading global class names...[39m[0m
[  33% ] [90m[1mfirst_scan_filesystem[22m | Verifying GDExtensions...[39m[0m
[  50% ] [90m[1mfirst_scan_filesystem[22m | Creating autoload scripts...[39m[0m
[  66% ] [90m[1mfirst_scan_filesystem[22m | Initializing plugins...[39m[0m
[  83% ] [90m[1mfirst_scan_filesystem[22m | Starting file scan...[39m[0m
[92m[ DONE ][39m [1mfirst_scan_filesystem[22m
[0m
[   0% ] [90m[1mexport[22m | Started Exporting for macOS (3 steps)[39m[0m
[   0% ] [90m[1mexport[22m | Creating app bundle[39m[0m
[  25% ] [90m[1mexport[22m | Making PKG[39m[0m
[   0% ] [90m[1msavepack[22m | Started Packing (102 steps)[39m[0m
[   1% ] [90m[1msavepack[22m | Storing File: res://actors/character.gdc[39m[0m
[   3% ] [90m[1msavepack[22m | Storing File: res://ui/development_hud.gdc[39m[0m
[   5% ] [90m[1msavepack[22m | Storing File: res://assets/diagnostic.grip-probe/r1/descriptor.json[39m[0m
[   7% ] [90m[1msavepack[22m | Storing File: res://assets/diagnostic.grip-probe/r1/model.glb[39m[0m
[   7% ] [90m[1msavepack[22m | Storing File: res://.godot/imported/model.glb-e38e6be2393b9ac2fcd94e2693fb8a58.scn[39m[0m
[   7% ] [90m[1msavepack[22m | Storing File: res://assets/diagnostic.grip-probe/r1/model.glb.import[39m[0m
[   9% ] [90m[1msavepack[22m | Storing File: res://assets/diagnostic.skin-probe/r1/descriptor.json[39m[0m
[  11% ] [90m[1msavepack[22m | Storing File: res://assets/diagnostic.skin-probe/r1/diagnostic.grip-probe.glb[39m[0m
[  11% ] [90m[1msavepack[22m | Storing File: res://.godot/imported/diagnostic.grip-probe.glb-5ec992031d047209230b6cd5c1e8f08c.scn[39m[0m
[  11% ] [90m[1msavepack[22m | Storing File: res://assets/diagnostic.skin-probe/r1/diagnostic.grip-probe.glb.import[39m[0m
[  13% ] [90m[1msavepack[22m | Storing File: res://assets/diagnostic.skin-probe/r1/model.glb[39m[0m
[  13% ] [90m[1msavepack[22m | Storing File: res://.godot/imported/model.glb-9b9270f1a722788958ef4ccad6910a97.scn[39m[0m
[  13% ] [90m[1msavepack[22m | Storing File: res://assets/diagnostic.skin-probe/r1/model.glb.import[39m[0m
[  15% ] [90m[1msavepack[22m | Storing File: res://assets/fixtures/baton-r1.glb[39m[0m
[  15% ] [90m[1msavepack[22m | Storing File: res://.godot/imported/baton-r1.glb-80ff6bedbe539ea541f4147ffcc14a2f.scn[39m[0m
[  15% ] [90m[1msavepack[22m | Storing File: res://assets/fixtures/baton-r1.glb.import[39m[0m
[  17% ] [90m[1msavepack[22m | Storing File: res://assets/fixtures/mannequin-clay-r1.glb[39m[0m
[  17% ] [90m[1msavepack[22m | Storing File: res://.godot/imported/mannequin-clay-r1.glb-e7f91e50e0cbe85ab37af99e15503035.scn[39m[0m
[  17% ] [90m[1msavepack[22m | Storing File: res://assets/fixtures/mannequin-clay-r1.glb.import[39m[0m
[  19% ] [90m[1msavepack[22m | Storing File: res://assets/fixtures/mannequin-clay-r1.json[39m[0m
[  21% ] [90m[1msavepack[22m | Storing File: res://assets/fixtures/mannequin-slate-r1.glb[39m[0m
[  21% ] [90m[1msavepack[22m | Storing File: res://.godot/imported/mannequin-slate-r1.glb-77a993bfe1089628063a9e606c8d5e08.scn[39m[0m
[  21% ] [90m[1msavepack[22m | Storing File: res://assets/fixtures/mannequin-slate-r1.glb.import[39m[0m
[  23% ] [90m[1msavepack[22m | Storing File: res://assets/fixtures/mannequin-slate-r1.json[39m[0m
[  26% ] [90m[1msavepack[22m | Storing File: res://assets/kaida/r1/descriptor.json[39m[0m
[  28% ] [90m[1msavepack[22m | Storing File: res://assets/kaida/r1/kaida.energy-sword.glb[39m[0m
[  28% ] [90m[1msavepack[22m | Storing File: res://.godot/imported/kaida.energy-sword.glb-8152b66ede24deb140c73b68b486af6c.scn[39m[0m
[  28% ] [90m[1msavepack[22m | Storing File: res://assets/kaida/r1/kaida.energy-sword.glb.import[39m[0m
[  30% ] [90m[1msavepack[22m | Storing File: res://assets/kaida/r1/model.glb[39m[0m
[  30% ] [90m[1msavepack[22m | Storing File: res://.godot/imported/model.glb-05f9c6ccfbc98b2080f9c5a70f07342b.scn[39m[0m
[  30% ] [90m[1msavepack[22m | Storing File: res://assets/kaida/r1/model.glb.import[39m[0m
[  32% ] [90m[1msavepack[22m | Storing File: res://assets/kaida/r2/descriptor.json[39m[0m
[  33% ] [90m[1msavepack[22m | Storing File: res://assets/kaida/r2/kaida.energy-sword.glb[39m[0m
[  33% ] [90m[1msavepack[22m | Storing File: res://.godot/imported/kaida.energy-sword.glb-dfb24bc9da1b0f8b5dd7e0faa238d8a6.scn[39m[0m
[  33% ] [90m[1msavepack[22m | Storing File: res://assets/kaida/r2/kaida.energy-sword.glb.import[39m[0m
[  35% ] [90m[1msavepack[22m | Storing File: res://assets/kaida/r2/model.glb[39m[0m
[  35% ] [90m[1msavepack[22m | Storing File: res://.godot/imported/model.glb-cf5a3ceefb1ea012c3a5e0e3afc21891.scn[39m[0m
[  35% ] [90m[1msavepack[22m | Storing File: res://assets/kaida/r2/model.glb.import[39m[0m
[  37% ] [90m[1msavepack[22m | Storing File: res://assets/kaida/r3/descriptor.json[39m[0m
[  39% ] [90m[1msavepack[22m | Storing File: res://assets/kaida/r3/kaida.energy-sword.glb[39m[0m
[  39% ] [90m[1msavepack[22m | Storing File: res://.godot/imported/kaida.energy-sword.glb-c0b67451334f040206008d7295e9e094.scn[39m[0m
[  39% ] [90m[1msavepack[22m | Storing File: res://assets/kaida/r3/kaida.energy-sword.glb.import[39m[0m
[  41% ] [90m[1msavepack[22m | Storing File: res://assets/kaida/r3/model.glb[39m[0m
[  41% ] [90m[1msavepack[22m | Storing File: res://.godot/imported/model.glb-9a61d86139d7b8419c1ca35900aa04b3.scn[39m[0m
[  41% ] [90m[1msavepack[22m | Storing File: res://assets/kaida/r3/model.glb.import[39m[0m
[  43% ] [90m[1msavepack[22m | Storing File: res://assets/kaida/r4/descriptor.json[39m[0m
[  45% ] [90m[1msavepack[22m | Storing File: res://assets/kaida/r4/kaida.energy-sword.glb[39m[0m
[  45% ] [90m[1msavepack[22m | Storing File: res://.godot/imported/kaida.energy-sword.glb-7484de532d677f641818c5fa0d2b12fb.scn[39m[0m
[  45% ] [90m[1msavepack[22m | Storing File: res://assets/kaida/r4/kaida.energy-sword.glb.import[39m[0m
[  47% ] [90m[1msavepack[22m | Storing File: res://assets/kaida/r4/model.glb[39m[0m
[  47% ] [90m[1msavepack[22m | Storing File: res://.godot/imported/model.glb-98fc9ca6c0fe94ee20efe470f7829aaa.scn[39m[0m
[  47% ] [90m[1msavepack[22m | Storing File: res://assets/kaida/r4/model.glb.import[39m[0m
[  50% ] [90m[1msavepack[22m | Storing File: res://assets/kaida/r5/descriptor.json[39m[0m
[  52% ] [90m[1msavepack[22m | Storing File: res://assets/kaida/r5/kaida.energy-sword.glb[39m[0m
[  52% ] [90m[1msavepack[22m | Storing File: res://.godot/imported/kaida.energy-sword.glb-2286db97d8ca25cd5dd7e4ec7727a9ff.scn[39m[0m
[  52% ] [90m[1msavepack[22m | Storing File: res://assets/kaida/r5/kaida.energy-sword.glb.import[39m[0m
[  54% ] [90m[1msavepack[22m | Storing File: res://assets/kaida/r5/model.glb[39m[0m
[  54% ] [90m[1msavepack[22m | Storing File: res://.godot/imported/model.glb-59f89201ec21ceb7fbed8a9e7baa9771.scn[39m[0m
[  54% ] [90m[1msavepack[22m | Storing File: res://assets/kaida/r5/model.glb.import[39m[0m
[  56% ] [90m[1msavepack[22m | Storing File: res://assets/kaida.energy-sword/r1/descriptor.json[39m[0m
[  58% ] [90m[1msavepack[22m | Storing File: res://assets/kaida.energy-sword/r1/model.glb[39m[0m
[  58% ] [90m[1msavepack[22m | Storing File: res://.godot/imported/model.glb-c11ada47affe4816ac2dd81ff338e8fb.scn[39m[0m
[  58% ] [90m[1msavepack[22m | Storing File: res://assets/kaida.energy-sword/r1/model.glb.import[39m[0m
[  60% ] [90m[1msavepack[22m | Storing File: res://assets/kaida.energy-sword/r2/descriptor.json[39m[0m
[  62% ] [90m[1msavepack[22m | Storing File: res://assets/kaida.energy-sword/r2/model.glb[39m[0m
[  62% ] [90m[1msavepack[22m | Storing File: res://.godot/imported/model.glb-4ca5230fa433e189d8d83af353891c40.scn[39m[0m
[  62% ] [90m[1msavepack[22m | Storing File: res://assets/kaida.energy-sword/r2/model.glb.import[39m[0m
[  64% ] [90m[1msavepack[22m | Storing File: res://assets/asset_assembly.gdc[39m[0m
[  66% ] [90m[1msavepack[22m | Storing File: res://.godot/imported/impact.wav-606f8b40b78eec03bfd2693747f9e1cb.sample[39m[0m
[  66% ] [90m[1msavepack[22m | Storing File: res://audio/impact.wav.import[39m[0m
[  67% ] [90m[1msavepack[22m | Storing File: res://.godot/imported/swing.wav-2d9204d63563241cd2f3db752129ffa3.sample[39m[0m
[  67% ] [90m[1msavepack[22m | Storing File: res://audio/swing.wav.import[39m[0m
[  69% ] [90m[1msavepack[22m | Storing File: res://content/releases/kaida-a1.json[39m[0m
[  71% ] [90m[1msavepack[22m | Storing File: res://content/build_info.json[39m[0m
[  74% ] [90m[1msavepack[22m | Storing File: res://content/candidates.json[39m[0m
[  76% ] [90m[1msavepack[22m | Storing File: res://development/diagnostics.gdc[39m[0m
[  78% ] [90m[1msavepack[22m | Storing File: res://development/foundation.gdc[39m[0m
[  80% ] [90m[1msavepack[22m | Storing File: res://.godot/exported/133200997/export-b6247fdea6a92e68fb295eacb3bb026a-foundation.scn[39m[0m
[  82% ] [90m[1msavepack[22m | Storing File: res://development/ground.gdshader[39m[0m
[  84% ] [90m[1msavepack[22m | Storing File: res://development/orbit_camera.gdc[39m[0m
[  86% ] [90m[1msavepack[22m | Storing File: res://development/traversal_patch.gdc[39m[0m
[  88% ] [90m[1msavepack[22m | Storing File: res://development/tuning.gdc[39m[0m
[  90% ] [90m[1msavepack[22m | Storing File: res://gameplay/rehearsal.gdc[39m[0m
[  92% ] [90m[1msavepack[22m | Storing File: res://gameplay/strike_feedback.gdc[39m[0m
[  94% ] [90m[1msavepack[22m | Storing File: res://tests/foundation_test.gdc[39m[0m
[  96% ] [90m[1msavepack[22m | Storing File: res://tests/kaida_test.gdc[39m[0m
[  96% ] [90m[1msavepack[22m | Storing File: res://actors/character.gd.remap[39m[0m
[  96% ] [90m[1msavepack[22m | Storing File: res://ui/development_hud.gd.remap[39m[0m
[  96% ] [90m[1msavepack[22m | Storing File: res://assets/asset_assembly.gd.remap[39m[0m
[  96% ] [90m[1msavepack[22m | Storing File: res://development/diagnostics.gd.remap[39m[0m
[  96% ] [90m[1msavepack[22m | Storing File: res://development/foundation.gd.remap[39m[0m
[  96% ] [90m[1msavepack[22m | Storing File: res://development/foundation.tscn.remap[39m[0m
[  96% ] [90m[1msavepack[22m | Storing File: res://development/orbit_camera.gd.remap[39m[0m
[  96% ] [90m[1msavepack[22m | Storing File: res://development/traversal_patch.gd.remap[39m[0m
[  96% ] [90m[1msavepack[22m | Storing File: res://development/tuning.gd.remap[39m[0m
[  96% ] [90m[1msavepack[22m | Storing File: res://gameplay/rehearsal.gd.remap[39m[0m
[  96% ] [90m[1msavepack[22m | Storing File: res://gameplay/strike_feedback.gd.remap[39m[0m
[  96% ] [90m[1msavepack[22m | Storing File: res://tests/foundation_test.gd.remap[39m[0m
[  96% ] [90m[1msavepack[22m | Storing File: res://tests/kaida_test.gd.remap[39m[0m
[  96% ] [90m[1msavepack[22m | Storing File: res://.godot/global_script_class_cache.cfg[39m[0m
[  96% ] [90m[1msavepack[22m | Storing File: res://.godot/uid_cache.bin[39m[0m
[  96% ] [90m[1msavepack[22m | Storing File: res://project.binary[39m[0m
[92m[ DONE ][39m [1msavepack[22m
[0m
[  50% ] [90m[1mexport[22m | Code signing bundle[39m[0m
[92m[ DONE ][39m [1mexport[22m
[0m
+ codesign --verify --deep --strict /Users/g/code/scratch/tech9/games/chronoforge-dusk/dist/Chronoforge Dusk.app
Native application: /Users/g/code/scratch/tech9/games/chronoforge-dusk/dist/Chronoforge Dusk.app
+ /Users/g/code/scratch/tech9/games/chronoforge-dusk/dist/Chronoforge Dusk.app/Contents/MacOS/Chronoforge Dusk --always-on-top --resolution 1440x810 -- --self-test --test-run-id=532cdfea4905489a826e892f5a25d844
Godot Engine v4.6.3.stable.official.7d41c59c4 - https://godotengine.org
Metal 4.0 - Forward+ - Using Device #0: Apple - Apple M1 Pro (Apple7)

DUSK_LOADED diagnostic.mannequin clay-r1
DUSK_START {"asset":{"animation_mode":"rigid","asset_id":"diagnostic.mannequin","attachments":[{"id":"practice_baton","model":{"path":"res://assets/fixtures/baton-r1.glb","sha256":"486d9742cd4fe87bbe1b4a0f4fa330d067e995eb6ccb371eb1ec2ed0455987fe"},"position_m":[0.0,0.0,0.0],"rotation_degrees":[0.0,0.0,0.0],"socket_path":"Fixture/Torso/RightArm/Grip"}],"clips":{"attack":{"file":"res://assets/fixtures/mannequin-clay-r1.glb","loop":false,"name":"attack"},"hurt":{"file":"res://assets/fixtures/mannequin-clay-r1.glb","loop":false,"name":"hurt"},"idle":{"file":"res://assets/fixtures/mannequin-clay-r1.glb","loop":true,"name":"idle"},"run":{"file":"res://assets/fixtures/mannequin-clay-r1.glb","loop":true,"name":"run"},"walk":{"file":"res://assets/fixtures/mannequin-clay-r1.glb","loop":true,"name":"walk"}},"dimensions":{"forward":"-Z","height_m":1.85,"origin":"ground","radius_m":0.34,"up":"+Y"},"format":1.0,"kind":"character","label":"Diagnostic mannequin / clay-r1","model":{"path":"res://assets/fixtures/mannequin-clay-r1.glb","sha256":"c3aa32616eb38dcb520d3b0680429b2cb71d3b56ef9f6662cb4867c3f531ec85"},"motion":{"action":"controller","clips":"in_place","traversal":"controller"},"placeholder":true,"revision":"clay-r1"},"display_scale":2.0,"driver":"metal","engine":"4.6.3-stable (official)","engine_uptime_at_ready_ms":588,"frame_cap":60,"game_revision":"4f022a5ee824+dirty","gpu":"Apple M1 Pro (Apple7)","internal_resolution":[1920,1080],"native_export":true,"os":"macOS 26.4.1","processor":"Apple M1 Pro","release":{},"renderer":"forward_plus","scene_assembly_ms":37,"source_sha256":"7f256b69e89ebc4938819576b2bcae22aac950aebafc498c91bc2c2561173ec2","test_interference":false,"test_run_id":"532cdfea4905489a826e892f5a25d844","tuning":{"acceleration":28.0,"attack_tempo":1.0,"braking":36.0,"camera_distance":9.6,"camera_pitch":34.0,"camera_yaw":60.0,"hit_stop":0.065,"impact_fraction":0.55,"light_game":true,"run_speed":5.1,"run_stride_speed":5.06165,"turn_speed":18.0,"walk_speed":2.8,"walk_stride_speed":2.28},"window_pixels":[1440,810]}
DUSK_LOADED diagnostic.mannequin slate-r1
DUSK_TEST PASS Prepared model imported and assembled
DUSK_TEST PASS Declared grip socket exists
DUSK_TEST PASS Imported animation roles available
DUSK_LOAD_FAILED IMPORT FAILED · Missing/invalid imported clip: missing_attack
DUSK_TEST PASS Missing clip is visible and preserves identified prior actor
DUSK_LOAD_FAILED IMPORT FAILED · Attachment practice_baton: socket missing: MissingGrip
DUSK_TEST PASS Missing attachment socket rejected
DUSK_LOAD_FAILED IMPORT FAILED · Missing file or SHA-256 mismatch: res://assets/fixtures/mannequin-slate-r1.glb
DUSK_TEST PASS Altered source hash rejected
DUSK_LOAD_FAILED IMPORT FAILED · Invalid physical dimensions (height_m/radius_m)
DUSK_TEST PASS Invalid physical dimensions rejected
DUSK_LOAD_FAILED IMPORT FAILED · Character requires controller displacement and in-place clips
DUSK_TEST PASS Conflicting motion ownership rejected
DUSK_LOAD_FAILED IMPORT FAILED · Expected object: dimensions
DUSK_TEST PASS Malformed nested metadata produces visible error
DUSK_LOAD_FAILED IMPORT FAILED · Attachment position_m must contain three numbers
DUSK_TEST PASS Malformed attachment transform rejected
DUSK_LOADED diagnostic.mannequin slate-r1
DUSK_LOADED diagnostic.mannequin slate-r1
DUSK_TEST PASS F5 reloads selected prepared revision
DUSK_WALK {"distance":2.22444415092468,"end":"(0.0, -0.000508, -2.224444)","paused":false,"speed":2.3,"start":"(0.0, -0.000508, 0.0)","yaw":0.0}
DUSK_TEST PASS Camera-relative walk uses real input mapping
DUSK_TEST PASS Shift runs faster than walking
DUSK_TEST PASS Collision wall prevents leaving patch
DUSK_TEST PASS Orbit changes movement basis and character turning
DUSK_TEST PASS Controller follows ramp collision
DUSK_TEST PASS Pause freezes imported clip
DUSK_TEST PASS Step advances paused simulation and pauses again
DUSK_TEST PASS Strike 0 starts approach via Space
DUSK_TEST PASS Repeated trigger cannot duplicate action
DUSK_TEST PASS Pause freezes action timeline before impact
DUSK_TEST PASS Strike 0 completes with exactly one impact
DUSK_TEST PASS Strike 0 returns exactly to formation
DUSK_TEST PASS Strike 1 starts approach via Space
DUSK_TEST PASS Repeated trigger cannot duplicate action
DUSK_TEST PASS Strike 1 completes with exactly one impact
DUSK_TEST PASS Strike 1 returns exactly to formation
DUSK_TEST PASS Strike 2 starts approach via Space
DUSK_TEST PASS Repeated trigger cannot duplicate action
DUSK_TEST PASS Strike 2 completes with exactly one impact
DUSK_TEST PASS Strike 2 returns exactly to formation
DUSK_TEST PASS Strike 3 starts approach via Space
DUSK_TEST PASS Repeated trigger cannot duplicate action
DUSK_TEST PASS Strike 3 completes with exactly one impact
DUSK_TEST PASS Strike 3 returns exactly to formation
DUSK_TEST PASS Follow camera settles after movement stops
DUSK_LOADED diagnostic.mannequin slate-r1
DUSK_LOADED diagnostic.mannequin clay-r1
DUSK_LOADED diagnostic.mannequin slate-r1
DUSK_LOADED diagnostic.mannequin clay-r1
DUSK_LOADED diagnostic.mannequin slate-r1
DUSK_LOADED diagnostic.mannequin clay-r1
DUSK_LOADED diagnostic.mannequin slate-r1
DUSK_LOADED diagnostic.mannequin clay-r1
DUSK_LOADED diagnostic.mannequin slate-r1
DUSK_LOADED diagnostic.mannequin clay-r1
DUSK_LOADED diagnostic.mannequin slate-r1
DUSK_LOADED diagnostic.mannequin clay-r1
DUSK_LOADED diagnostic.mannequin slate-r1
DUSK_LOADED diagnostic.mannequin clay-r1
DUSK_LOADED diagnostic.mannequin slate-r1
DUSK_LOADED diagnostic.mannequin clay-r1
DUSK_TEST PASS Repeated swaps release previous actor nodes
DUSK_TEST PASS Repeated swaps do not accumulate imported resources
DUSK_TEST PASS Additional instance 0 loads
DUSK_TEST PASS Additional instance 1 loads
DUSK_TEST PASS Additional instance 2 loads
DUSK_TEST PASS Additional instance 3 loads
DUSK_TEST PASS Inactive window pauses simulation and caps rendering
DUSK_LOADED diagnostic.mannequin clay-r1
DUSK_TEST PASS Accepted tuning deliberately written
DUSK_LOADED diagnostic.mannequin clay-r1
DUSK_TEST PASS Restore pairs tuning with accepted candidate
DUSK_TEST PASS Independent tuning object reads saved file
DUSK_TEST PASS Native test completed without external keyboard or mouse input
DUSK_TEST_RESULT 0 failures / 47 checks; /Users/g/Library/Application Support/Godot/app_userdata/Chronoforge Dusk/test_foundation.json
Fresh report verified: test_foundation.json, 47 checks, run 532cdfea4905489a826e892f5a25d844
+ /Users/g/code/scratch/tech9/games/chronoforge-dusk/dist/Chronoforge Dusk.app/Contents/MacOS/Chronoforge Dusk --always-on-top --resolution 1440x810 -- --verify-restart --test-run-id=532cdfea4905489a826e892f5a25d844
Godot Engine v4.6.3.stable.official.7d41c59c4 - https://godotengine.org
Metal 4.0 - Forward+ - Using Device #0: Apple - Apple M1 Pro (Apple7)

DUSK_LOADED diagnostic.mannequin clay-r1
DUSK_START {"asset":{"animation_mode":"rigid","asset_id":"diagnostic.mannequin","attachments":[{"id":"practice_baton","model":{"path":"res://assets/fixtures/baton-r1.glb","sha256":"486d9742cd4fe87bbe1b4a0f4fa330d067e995eb6ccb371eb1ec2ed0455987fe"},"position_m":[0.0,0.0,0.0],"rotation_degrees":[0.0,0.0,0.0],"socket_path":"Fixture/Torso/RightArm/Grip"}],"clips":{"attack":{"file":"res://assets/fixtures/mannequin-clay-r1.glb","loop":false,"name":"attack"},"hurt":{"file":"res://assets/fixtures/mannequin-clay-r1.glb","loop":false,"name":"hurt"},"idle":{"file":"res://assets/fixtures/mannequin-clay-r1.glb","loop":true,"name":"idle"},"run":{"file":"res://assets/fixtures/mannequin-clay-r1.glb","loop":true,"name":"run"},"walk":{"file":"res://assets/fixtures/mannequin-clay-r1.glb","loop":true,"name":"walk"}},"dimensions":{"forward":"-Z","height_m":1.85,"origin":"ground","radius_m":0.34,"up":"+Y"},"format":1.0,"kind":"character","label":"Diagnostic mannequin / clay-r1","model":{"path":"res://assets/fixtures/mannequin-clay-r1.glb","sha256":"c3aa32616eb38dcb520d3b0680429b2cb71d3b56ef9f6662cb4867c3f531ec85"},"motion":{"action":"controller","clips":"in_place","traversal":"controller"},"placeholder":true,"revision":"clay-r1"},"display_scale":2.0,"driver":"metal","engine":"4.6.3-stable (official)","engine_uptime_at_ready_ms":543,"frame_cap":60,"game_revision":"4f022a5ee824+dirty","gpu":"Apple M1 Pro (Apple7)","internal_resolution":[1920,1080],"native_export":true,"os":"macOS 26.4.1","processor":"Apple M1 Pro","release":{},"renderer":"forward_plus","scene_assembly_ms":31,"source_sha256":"7f256b69e89ebc4938819576b2bcae22aac950aebafc498c91bc2c2561173ec2","test_interference":false,"test_run_id":"532cdfea4905489a826e892f5a25d844","tuning":{"acceleration":28.0,"attack_tempo":1.0,"braking":36.0,"camera_distance":9.6,"camera_pitch":34.0,"camera_yaw":60.0,"hit_stop":0.065,"impact_fraction":0.55,"light_game":true,"run_speed":5.1,"run_stride_speed":5.06165,"turn_speed":18.0,"walk_speed":2.8,"walk_stride_speed":2.28},"window_pixels":[1440,810]}
DUSK_TEST PASS Cold restart restores selected revision
DUSK_TEST PASS Cold restart restores walk speed
DUSK_TEST PASS Cold restart restores camera
DUSK_TEST PASS Cold restart restores contact timing
DUSK_TEST PASS Native test completed without external keyboard or mouse input
DUSK_TEST_RESULT 0 failures / 5 checks; /Users/g/Library/Application Support/Godot/app_userdata/Chronoforge Dusk/test_restart.json
Fresh report verified: test_restart.json, 5 checks, run 532cdfea4905489a826e892f5a25d844
